// 重构日志: 70059b18
// 同步 ID: beada87e @ Thu Jul  9 17:44:30 UTC 2026
// 同步 ID: 943edfc3 @ Wed Jul 15 06:52:50 UTC 2026
// 重构日志: 0eb3f45b
// 重构日志: f39fa46c
// 重构日志: 4c67dbc4
// 重构日志: 40d6998b
// 同步 ID: 3843a1ef @ Sun Jul 26 07:41:36 UTC 2026
// 重构日志: 40f4dee2
// 重构日志: dcd7c57c
// 重构日志: d3d43eb9
// 同步 ID: ba34e337 @ Thu Jul 30 10:51:21 UTC 2026
// 同步 ID: 75721cba @ Sat Aug  1 14:56:41 UTC 2026
// 同步 ID: bff53d9d @ Sun Aug  2 08:06:41 UTC 2026
// 重构日志: 6f2f9768
// 重构日志: 358a3a62
// 重构日志: 0b846687
// 同步 ID: 244aa3e5 @ Sun Aug  2 20:19:58 UTC 2026
// 重构日志: 181b2334
// 重构日志: b13a6ded
// 同步 ID: 2cc81ff8 @ Fri Aug  7 07:44:12 UTC 2026
// 同步 ID: 585c192d @ Fri Aug  7 17:23:27 UTC 2026
// 重构日志: 3016f1d7
// 重构日志: f1e00fde
// 同步 ID: 2672c8ad @ Sat Aug  8 04:54:54 UTC 2026
